---
source: lumina-typesystem/src/tests.rs
expression: "{ let f = func!(forall a [\"Intable\"], b.(a, b => a)); inst!(f int float) }"
---
(int, float -> int)
