---
source: lumina-typesystem/src/tests.rs
expression: "inst.method.to_foreign(tenv, Generics::new())"
---
âˆ€a is From int. (int -> a)
