---
source: lumina-typesystem/src/tests.rs
expression: "minst.method.to_foreign(tenv, Generics::new())"
---
âˆ€a is From float. (float -> a)
